// Jest Snapshot v1, https://goo.gl/fbAQLP

exports[`Should render ExpenseListItem with expenses 1`] = `
<div>
  <h3>
    <Link
      replace={false}
      to="/edit/1"
    >
      gum
    </Link>
  </h3>
  <p>
    $
    1.95
     - 
    Dec 31st, 1969
  </p>
</div>
`;
